馃殌 寮€濮嬫祴璇曟柊鐨凙I鏂囨湰鏀瑰啓鍔熻兘...
==================================================
馃敡 鍒濆鍖朅I鏂囨湰鏀瑰啓鍣?..
妯″瀷(gemini-2.5-flash-lite)鐘舵€? 鍙敤

馃搳 鍒濆棰濆害鐘舵€?
  鎬昏: 0/5000 (0.0%)
  Key 1: 0/1000 (0.0%)
  Key 2: 0/1000 (0.0%)
  Key 3: 0/1000 (0.0%)
  Key 4: 0/1000 (0.0%)
  Key 5: 0/1000 (0.0%)

馃摑 娴嬭瘯鏂囨湰 1:
鍘熸枃: #绉戞妧鏂伴椈 鏈€鏂扮爺绌惰〃鏄庯紝浜哄伐鏅鸿兘鍦ㄥ尰鐤楄瘖鏂鍩熺殑搴旂敤瓒婃潵瓒婂箍娉涳紝鑳藉甯姪鍖荤敓鏇村噯纭湴璇嗗埆鐤剧梾銆?
鉁?鏀瑰啓鎴愬姛:
鏀瑰啓鍚? #AI鍖荤枟 #鏅烘収鍋ュ悍 #鍖诲鍓嶆部
鏈€鏂扮瀛︾爺绌舵彮绀猴紝浜哄伐鏅鸿兘鎶€鏈湪鐤剧梾璇婃柇鏂归潰鐨勫簲鐢ㄦ鏃ョ泭鏅強锛屼负鍖诲姟浜哄憳鎻愪緵浜嗘洿绮惧噯鐨勮瘑鍒梾鐥囩殑鏈夊姏宸ュ叿銆?

馃摑 娴嬭瘯鏂囨湰 2:
鍘熸枃: 浠婃棩澶╂皵棰勬姤锛氬寳浜櫞杞浜戯紝姘旀俯15-25搴︼紝閫傚疁鎴峰娲诲姩銆?澶╂皵棰勬姤 #鍖椾含
鉁?鏀瑰啓鎴愬姛:
鏀瑰啓鍚? #浠婃棩鍖椾含澶╂皵 #鏅存湕杞槾
鍖椾含鍦板尯浠婃棩灏嗗憟鐜版櫞鏈楄嚦澶氫簯鐨勫ぉ姘旂姸鍐碉紝姘旀俯浠嬩簬15鑷?5鎽勬皬搴︿箣闂淬€傝繖鏍风殑澶╂皵鏉′欢闈炲父鏈夊埄浜庝汉浠繘琛屾埛澶栦紤闂叉椿鍔ㄣ€?

馃摑 娴嬭瘯鏂囨湰 3:
鍘熸枃: 鎺ㄨ崘涓€鏈ソ涔︼細銆婁汉宸ユ櫤鑳界殑鏈潵銆嬶紝浣滆€呮繁鍏ユ帰璁ㄤ簡AI鎶€鏈殑鍙戝睍瓒嬪娍鍜屾綔鍦ㄥ奖鍝嶃€?璇讳功鎺ㄨ崘 #AI
鉁?鏀瑰啓鎴愬姛:
鏀瑰啓鍚? #AI瓒嬪娍 #鏅烘収鏈潵 #闃呰绮鹃€?
涓烘偍鎺ㄤ粙涓€鏈匠浣滐細銆婁汉宸ユ櫤鑳界殑鏈潵銆嬶紝涔︿腑浣滆€呰灏藉墫鏋愪簡浜哄伐鏅鸿兘鎶€鏈殑婕旇繘鏂瑰悜鍙婂叾鍙兘甯︽潵鐨勬繁杩滃彉闈┿€?

馃搳 鏀瑰啓鍚庨搴︾姸鎬?
  鎬昏: 3/5000 (0.1%)

馃攳 棰濆害妫€鏌? 鏈夐搴?

鉁?鏂癆I鏂囨湰鏀瑰啓鍔熻兘娴嬭瘯瀹屾垚
